******************************************************************************
                  TI ARM Linker PC v16.9.6                     
******************************************************************************
>> Linked Thu Jan 25 15:07:04 2018

OUTPUT FILE NAME:   <EGCP_280_IO_Example.out>
ENTRY POINT SYMBOL: "_c_int00"  address: 000004d9


MEMORY CONFIGURATION

         name            origin    length      used     unused   attr    fill
----------------------  --------  ---------  --------  --------  ----  --------
  MAIN                  00000000   00040000  0000065a  0003f9a6  R  X
  INFO                  00200000   00004000  00000000  00004000  R  X
  SRAM_CODE             01000000   00010000  00000000  00010000  RW X
  SRAM_DATA             20000000   00010000  0000021a  0000fde6  RW  


SEGMENT ALLOCATION MAP

run origin  load origin   length   init length attrs members
----------  ----------- ---------- ----------- ----- -------
00000000    00000000    00000660   00000660    r-x
  00000000    00000000    00000144   00000144    r-- .intvecs
  00000144    00000144    000004de   000004de    r-x .text
  00000628    00000628    00000038   00000038    r-- .cinit
20000000    20000000    0000001a   00000000    rw-
  20000000    20000000    00000018   00000000    rw- .data
  20000018    20000018    00000002   00000000    rw- .bss
2000fe00    2000fe00    00000200   00000000    rw-
  2000fe00    2000fe00    00000200   00000000    rw- .stack


SECTION ALLOCATION MAP

 output                                  attributes/
section   page    origin      length       input sections
--------  ----  ----------  ----------   ----------------
.intvecs   0    00000000    00000144     
                  00000000    00000144     msp432_startup_ccs.obj (.intvecs)

.text      0    00000144    000004de     
                  00000144    0000010c     asm_main.obj (.text)
                  00000250    0000009c     rtsv7M4_T_le_v4SPD16_eabi.lib : memcpy_t2.obj (.text)
                  000002ec    0000009a     msp432_startup_ccs.obj (.text)
                  00000386    0000007a     rtsv7M4_T_le_v4SPD16_eabi.lib : memset_t2.obj (.text)
                  00000400    00000070                                   : autoinit.obj (.text)
                  00000470    00000068                                   : copy_decompress_lzss.obj (.text:decompress:lzss)
                  000004d8    00000054                                   : boot.obj (.text)
                  0000052c    00000054                                   : exit.obj (.text)
                  00000580    0000004c                                   : cpy_tbl.obj (.text)
                  000005cc    00000018                                   : args_main.obj (.text)
                  000005e4    00000014                                   : _lock.obj (.text)
                  000005f8    0000000e                                   : copy_decompress_none.obj (.text:decompress:none)
                  00000606    0000000c                                   : copy_zero_init.obj (.text:decompress:ZI)
                  00000612    00000008     main.obj (.text)
                  0000061a    00000004     rtsv7M4_T_le_v4SPD16_eabi.lib : pre_init.obj (.text)
                  0000061e    00000002                                   : mpu_init.obj (.text)
                  00000620    00000002                                   : startup.obj (.text)

.cinit     0    00000628    00000038     
                  00000628    00000011     (.cinit..data.load) [load image, compression = lzss]
                  00000639    00000003     --HOLE-- [fill = 0]
                  0000063c    0000000c     (__TI_handler_table)
                  00000648    00000008     (.cinit..bss.load) [load image, compression = zero_init]
                  00000650    00000010     (__TI_cinit_table)

.data      0    20000000    00000018     UNINITIALIZED
                  20000000    0000000c     rtsv7M4_T_le_v4SPD16_eabi.lib : exit.obj (.data:$O1$$)
                  2000000c    00000008                                   : _lock.obj (.data:$O1$$)
                  20000014    00000004                                   : stkdepth_vars.obj (.data)

.bss       0    20000018    00000002     UNINITIALIZED
                  20000018    00000002     asm_main.obj (.bss)

.stack     0    2000fe00    00000200     UNINITIALIZED
                  2000fe00    00000200     --HOLE--

MODULE SUMMARY

       Module                     code   ro data   rw data
       ------                     ----   -------   -------
    .\
       msp432_startup_ccs.obj     154    324       0      
       asm_main.obj               268    0         2      
       main.obj                   8      0         0      
    +--+--------------------------+------+---------+---------+
       Total:                     430    324       2      
                                                          
    C:\ti\ccsv7\tools\compiler\ti-cgt-arm_16.9.6.LTS\lib\rtsv7M4_T_le_v4SPD16_eabi.lib
       memcpy_t2.obj              156    0         0      
       memset_t2.obj              122    0         0      
       autoinit.obj               112    0         0      
       copy_decompress_lzss.obj   104    0         0      
       exit.obj                   84     0         12     
       boot.obj                   84     0         0      
       cpy_tbl.obj                76     0         0      
       _lock.obj                  20     0         8      
       args_main.obj              24     0         0      
       copy_decompress_none.obj   14     0         0      
       copy_zero_init.obj         12     0         0      
       pre_init.obj               4      0         0      
       stkdepth_vars.obj          0      0         4      
       mpu_init.obj               2      0         0      
       startup.obj                2      0         0      
    +--+--------------------------+------+---------+---------+
       Total:                     816    0         24     
                                                          
       Stack:                     0      0         512    
       Linker Generated:          0      53        0      
    +--+--------------------------+------+---------+---------+
       Grand Total:               1246   377       538    


LINKER GENERATED COPY TABLES

__TI_cinit_table @ 00000650 records: 2, size/record: 8, table size: 16
	.data: load addr=00000628, load size=00000011 bytes, run addr=20000000, run size=00000018 bytes, compression=lzss
	.bss: load addr=00000648, load size=00000008 bytes, run addr=20000018, run size=00000002 bytes, compression=zero_init


LINKER GENERATED HANDLER TABLE

__TI_handler_table @ 0000063c records: 3, size/record: 4, table size: 12
	index: 0, handler: __TI_decompress_lzss
	index: 1, handler: __TI_decompress_none
	index: 2, handler: __TI_zero_init


GLOBAL SYMBOLS: SORTED ALPHABETICALLY BY Name 

address   name                           
-------   ----                           
00000341  ADC14_IRQHandler               
00000349  AES256_IRQHandler              
0000052d  C$$EXIT                        
0000031d  COMP_E0_IRQHandler             
0000031f  COMP_E1_IRQHandler             
00000313  CS_IRQHandler                  
0000034d  DMA_ERR_IRQHandler             
00000355  DMA_INT0_IRQHandler            
00000353  DMA_INT1_IRQHandler            
00000351  DMA_INT2_IRQHandler            
0000034f  DMA_INT3_IRQHandler            
0000030b  DebugMon_Handler               
00000363  DisableInterrupts              
00000331  EUSCIA0_IRQHandler             
00000333  EUSCIA1_IRQHandler             
00000335  EUSCIA2_IRQHandler             
00000337  EUSCIA3_IRQHandler             
00000339  EUSCIB0_IRQHandler             
0000033b  EUSCIB1_IRQHandler             
0000033d  EUSCIB2_IRQHandler             
0000033f  EUSCIB3_IRQHandler             
00000369  EnableInterrupts               
00000379  EndCritical                    
0000031b  FLCTL_IRQHandler               
00000319  FPU_IRQHandler                 
00000315  PCM_IRQHandler                 
00000357  PORT1_IRQHandler               
00000359  PORT2_IRQHandler               
0000035b  PORT3_IRQHandler               
0000035d  PORT4_IRQHandler               
0000035f  PORT5_IRQHandler               
00000361  PORT6_IRQHandler               
00000311  PSS_IRQHandler                 
0000030d  PendSV_Handler                 
0000034b  RTC_C_IRQHandler               
UNDEFED   SHT$$INIT_ARRAY$$Base          
UNDEFED   SHT$$INIT_ARRAY$$Limit         
00000309  SVC_Handler                    
0000036f  StartCritical                  
0000030f  SysTick_Handler                
00000343  T32_INT1_IRQHandler            
00000345  T32_INT2_IRQHandler            
00000347  T32_INTC_IRQHandler            
00000321  TA0_0_IRQHandler               
00000323  TA0_N_IRQHandler               
00000325  TA1_0_IRQHandler               
00000327  TA1_N_IRQHandler               
00000329  TA2_0_IRQHandler               
0000032b  TA2_N_IRQHandler               
0000032d  TA3_0_IRQHandler               
0000032f  TA3_N_IRQHandler               
4000480c  WDTCTL_SYM                     
00000317  WDT_A_IRQHandler               
00000381  WaitForInterrupt               
20010000  __STACK_END                    
00000200  __STACK_SIZE                   
00000650  __TI_CINIT_Base                
00000660  __TI_CINIT_Limit               
0000063c  __TI_Handler_Table_Base        
00000648  __TI_Handler_Table_Limit       
00000401  __TI_auto_init                 
20000000  __TI_cleanup_ptr               
00000471  __TI_decompress_lzss           
000005f9  __TI_decompress_none           
20000004  __TI_dtors_ptr                 
20000008  __TI_enable_exit_profile_output
ffffffff  __TI_pprof_out_hndl            
ffffffff  __TI_prof_data_size            
ffffffff  __TI_prof_data_start           
00000000  __TI_static_base__             
00000607  __TI_zero_init                 
00000387  __aeabi_memclr                 
00000387  __aeabi_memclr4                
00000387  __aeabi_memclr8                
00000251  __aeabi_memcpy                 
00000251  __aeabi_memcpy4                
00000251  __aeabi_memcpy8                
00000389  __aeabi_memset                 
00000389  __aeabi_memset4                
00000389  __aeabi_memset8                
ffffffff  __binit__                      
ffffffff  __c_args__                     
0000061f  __mpu_init                     
2000fe00  __stack                        
000005cd  _args_main                     
000004d9  _c_int00                       
2000000c  _lock                          
000005f3  _nop                           
000005eb  _register_lock                 
000005e5  _register_unlock               
00000621  _system_post_cinit             
0000061b  _system_pre_init               
20000010  _unlock                        
00000531  abort                          
0000015d  asm_main                       
ffffffff  binit                          
00000581  copy_in                        
00000539  exit                           
00000000  interruptVectors               
00000613  main                           
20000014  main_func_sp                   
00000251  memcpy                         
0000038f  memset                         


GLOBAL SYMBOLS: SORTED BY Symbol Address 

address   name                           
-------   ----                           
00000000  __TI_static_base__             
00000000  interruptVectors               
0000015d  asm_main                       
00000200  __STACK_SIZE                   
00000251  __aeabi_memcpy                 
00000251  __aeabi_memcpy4                
00000251  __aeabi_memcpy8                
00000251  memcpy                         
00000309  SVC_Handler                    
0000030b  DebugMon_Handler               
0000030d  PendSV_Handler                 
0000030f  SysTick_Handler                
00000311  PSS_IRQHandler                 
00000313  CS_IRQHandler                  
00000315  PCM_IRQHandler                 
00000317  WDT_A_IRQHandler               
00000319  FPU_IRQHandler                 
0000031b  FLCTL_IRQHandler               
0000031d  COMP_E0_IRQHandler             
0000031f  COMP_E1_IRQHandler             
00000321  TA0_0_IRQHandler               
00000323  TA0_N_IRQHandler               
00000325  TA1_0_IRQHandler               
00000327  TA1_N_IRQHandler               
00000329  TA2_0_IRQHandler               
0000032b  TA2_N_IRQHandler               
0000032d  TA3_0_IRQHandler               
0000032f  TA3_N_IRQHandler               
00000331  EUSCIA0_IRQHandler             
00000333  EUSCIA1_IRQHandler             
00000335  EUSCIA2_IRQHandler             
00000337  EUSCIA3_IRQHandler             
00000339  EUSCIB0_IRQHandler             
0000033b  EUSCIB1_IRQHandler             
0000033d  EUSCIB2_IRQHandler             
0000033f  EUSCIB3_IRQHandler             
00000341  ADC14_IRQHandler               
00000343  T32_INT1_IRQHandler            
00000345  T32_INT2_IRQHandler            
00000347  T32_INTC_IRQHandler            
00000349  AES256_IRQHandler              
0000034b  RTC_C_IRQHandler               
0000034d  DMA_ERR_IRQHandler             
0000034f  DMA_INT3_IRQHandler            
00000351  DMA_INT2_IRQHandler            
00000353  DMA_INT1_IRQHandler            
00000355  DMA_INT0_IRQHandler            
00000357  PORT1_IRQHandler               
00000359  PORT2_IRQHandler               
0000035b  PORT3_IRQHandler               
0000035d  PORT4_IRQHandler               
0000035f  PORT5_IRQHandler               
00000361  PORT6_IRQHandler               
00000363  DisableInterrupts              
00000369  EnableInterrupts               
0000036f  StartCritical                  
00000379  EndCritical                    
00000381  WaitForInterrupt               
00000387  __aeabi_memclr                 
00000387  __aeabi_memclr4                
00000387  __aeabi_memclr8                
00000389  __aeabi_memset                 
00000389  __aeabi_memset4                
00000389  __aeabi_memset8                
0000038f  memset                         
00000401  __TI_auto_init                 
00000471  __TI_decompress_lzss           
000004d9  _c_int00                       
0000052d  C$$EXIT                        
00000531  abort                          
00000539  exit                           
00000581  copy_in                        
000005cd  _args_main                     
000005e5  _register_unlock               
000005eb  _register_lock                 
000005f3  _nop                           
000005f9  __TI_decompress_none           
00000607  __TI_zero_init                 
00000613  main                           
0000061b  _system_pre_init               
0000061f  __mpu_init                     
00000621  _system_post_cinit             
0000063c  __TI_Handler_Table_Base        
00000648  __TI_Handler_Table_Limit       
00000650  __TI_CINIT_Base                
00000660  __TI_CINIT_Limit               
20000000  __TI_cleanup_ptr               
20000004  __TI_dtors_ptr                 
20000008  __TI_enable_exit_profile_output
2000000c  _lock                          
20000010  _unlock                        
20000014  main_func_sp                   
2000fe00  __stack                        
20010000  __STACK_END                    
4000480c  WDTCTL_SYM                     
ffffffff  __TI_pprof_out_hndl            
ffffffff  __TI_prof_data_size            
ffffffff  __TI_prof_data_start           
ffffffff  __binit__                      
ffffffff  __c_args__                     
ffffffff  binit                          
UNDEFED   SHT$$INIT_ARRAY$$Base          
UNDEFED   SHT$$INIT_ARRAY$$Limit         

[103 symbols]
