******************************************************************************
                  TI ARM Linker PC v20.2.5                     
******************************************************************************
>> Linked Thu Aug  3 13:12:37 2023

OUTPUT FILE NAME:   <EGEC_450_Assem_Template.out>
ENTRY POINT SYMBOL: "_c_int00_noinit_noargs"  address: 000001e1


MEMORY CONFIGURATION

         name            origin    length      used     unused   attr    fill
----------------------  --------  ---------  --------  --------  ----  --------
  MAIN                  00000000   00040000  0000021c  0003fde4  R  X
  INFO                  00200000   00004000  00000000  00004000  R  X
  SRAM_CODE             01000000   00010000  00000000  00010000  RW X
  SRAM_DATA             20000000   00010000  00000200  0000fe00  RW  


SEGMENT ALLOCATION MAP

run origin  load origin   length   init length attrs members
----------  ----------- ---------- ----------- ----- -------
00000000    00000000    0000021c   0000021c    r-x
  00000000    00000000    00000144   00000144    r-- .intvecs
  00000144    00000144    000000d8   000000d8    r-x .text
2000fe00    2000fe00    00000200   00000000    rw-
  2000fe00    2000fe00    00000200   00000000    rw- .stack


SECTION ALLOCATION MAP

 output                                  attributes/
section   page    origin      length       input sections
--------  ----  ----------  ----------   ----------------
.intvecs   0    00000000    00000144     
                  00000000    00000144     msp432_startup_ccs.obj (.intvecs)

.text      0    00000144    000000d8     
                  00000144    0000009a     msp432_startup_ccs.obj (.text)
                  000001de    00000002     asm_main.obj (.text)
                  000001e0    0000002c     rtsv7M4_T_le_v4SPD16_eabi.lib : boot_cortex_m.c.obj (.text:_c_int00_noinit_noargs:_c_int00_noinit_noargs)
                  0000020c    00000008     main.obj (.text)
                  00000214    00000004     rtsv7M4_T_le_v4SPD16_eabi.lib : pre_init.c.obj (.text:_system_pre_init)
                  00000218    00000004                                   : exit.c.obj (.text:abort:abort)

.cinit     0    00000000    00000000     UNINITIALIZED

.stack     0    2000fe00    00000200     UNINITIALIZED
                  2000fe00    00000004     rtsv7M4_T_le_v4SPD16_eabi.lib : boot_cortex_m.c.obj (.stack)
                  2000fe04    000001fc     --HOLE--

__llvm_prf_cnts 
*          0    20000000    00000000     UNINITIALIZED

MODULE SUMMARY

       Module                   code   ro data   rw data
       ------                   ----   -------   -------
    .\
       msp432_startup_ccs.obj   154    324       0      
       main.obj                 8      0         0      
       asm_main.obj             2      0         0      
    +--+------------------------+------+---------+---------+
       Total:                   164    324       0      
                                                        
    C:\ti\ccs1040\ccs\tools\compiler\ti-cgt-arm_20.2.5.LTS\lib\rtsv7M4_T_le_v4SPD16_eabi.lib
       boot_cortex_m.c.obj      44     0         0      
       exit.c.obj               4      0         0      
       pre_init.c.obj           4      0         0      
    +--+------------------------+------+---------+---------+
       Total:                   52     0         0      
                                                        
       Stack:                   0      0         512    
    +--+------------------------+------+---------+---------+
       Grand Total:             216    324       512    


GLOBAL SYMBOLS: SORTED ALPHABETICALLY BY Name 

address   name                   
-------   ----                   
00000199  ADC14_IRQHandler       
000001a1  AES256_IRQHandler      
00000219  C$$EXIT                
00000175  COMP_E0_IRQHandler     
00000177  COMP_E1_IRQHandler     
0000016b  CS_IRQHandler          
000001a5  DMA_ERR_IRQHandler     
000001ad  DMA_INT0_IRQHandler    
000001ab  DMA_INT1_IRQHandler    
000001a9  DMA_INT2_IRQHandler    
000001a7  DMA_INT3_IRQHandler    
00000163  DebugMon_Handler       
000001bb  DisableInterrupts      
00000189  EUSCIA0_IRQHandler     
0000018b  EUSCIA1_IRQHandler     
0000018d  EUSCIA2_IRQHandler     
0000018f  EUSCIA3_IRQHandler     
00000191  EUSCIB0_IRQHandler     
00000193  EUSCIB1_IRQHandler     
00000195  EUSCIB2_IRQHandler     
00000197  EUSCIB3_IRQHandler     
000001c1  EnableInterrupts       
000001d1  EndCritical            
00000173  FLCTL_IRQHandler       
00000171  FPU_IRQHandler         
0000016d  PCM_IRQHandler         
000001af  PORT1_IRQHandler       
000001b1  PORT2_IRQHandler       
000001b3  PORT3_IRQHandler       
000001b5  PORT4_IRQHandler       
000001b7  PORT5_IRQHandler       
000001b9  PORT6_IRQHandler       
00000169  PSS_IRQHandler         
00000165  PendSV_Handler         
000001a3  RTC_C_IRQHandler       
00000161  SVC_Handler            
000001c7  StartCritical          
00000167  SysTick_Handler        
0000019b  T32_INT1_IRQHandler    
0000019d  T32_INT2_IRQHandler    
0000019f  T32_INTC_IRQHandler    
00000179  TA0_0_IRQHandler       
0000017b  TA0_N_IRQHandler       
0000017d  TA1_0_IRQHandler       
0000017f  TA1_N_IRQHandler       
00000181  TA2_0_IRQHandler       
00000183  TA2_N_IRQHandler       
00000185  TA3_0_IRQHandler       
00000187  TA3_N_IRQHandler       
4000480c  WDTCTL_SYM             
0000016f  WDT_A_IRQHandler       
000001d9  WaitForInterrupt       
20010000  __STACK_END            
00000200  __STACK_SIZE           
ffffffff  __TI_pprof_out_hndl    
ffffffff  __TI_prof_data_size    
ffffffff  __TI_prof_data_start   
00000000  __TI_static_base__     
ffffffff  __binit__              
ffffffff  __c_args__             
UNDEFED   __mpu_init             
2000fe00  __stack                
20000000  __start___llvm_prf_cnts
20000000  __stop___llvm_prf_cnts 
000001e1  _c_int00_noinit_noargs 
00000215  _system_pre_init       
00000219  abort                  
000001df  asm_main               
ffffffff  binit                  
00000000  interruptVectors       
0000020d  main                   


GLOBAL SYMBOLS: SORTED BY Symbol Address 

address   name                   
-------   ----                   
00000000  __TI_static_base__     
00000000  interruptVectors       
00000161  SVC_Handler            
00000163  DebugMon_Handler       
00000165  PendSV_Handler         
00000167  SysTick_Handler        
00000169  PSS_IRQHandler         
0000016b  CS_IRQHandler          
0000016d  PCM_IRQHandler         
0000016f  WDT_A_IRQHandler       
00000171  FPU_IRQHandler         
00000173  FLCTL_IRQHandler       
00000175  COMP_E0_IRQHandler     
00000177  COMP_E1_IRQHandler     
00000179  TA0_0_IRQHandler       
0000017b  TA0_N_IRQHandler       
0000017d  TA1_0_IRQHandler       
0000017f  TA1_N_IRQHandler       
00000181  TA2_0_IRQHandler       
00000183  TA2_N_IRQHandler       
00000185  TA3_0_IRQHandler       
00000187  TA3_N_IRQHandler       
00000189  EUSCIA0_IRQHandler     
0000018b  EUSCIA1_IRQHandler     
0000018d  EUSCIA2_IRQHandler     
0000018f  EUSCIA3_IRQHandler     
00000191  EUSCIB0_IRQHandler     
00000193  EUSCIB1_IRQHandler     
00000195  EUSCIB2_IRQHandler     
00000197  EUSCIB3_IRQHandler     
00000199  ADC14_IRQHandler       
0000019b  T32_INT1_IRQHandler    
0000019d  T32_INT2_IRQHandler    
0000019f  T32_INTC_IRQHandler    
000001a1  AES256_IRQHandler      
000001a3  RTC_C_IRQHandler       
000001a5  DMA_ERR_IRQHandler     
000001a7  DMA_INT3_IRQHandler    
000001a9  DMA_INT2_IRQHandler    
000001ab  DMA_INT1_IRQHandler    
000001ad  DMA_INT0_IRQHandler    
000001af  PORT1_IRQHandler       
000001b1  PORT2_IRQHandler       
000001b3  PORT3_IRQHandler       
000001b5  PORT4_IRQHandler       
000001b7  PORT5_IRQHandler       
000001b9  PORT6_IRQHandler       
000001bb  DisableInterrupts      
000001c1  EnableInterrupts       
000001c7  StartCritical          
000001d1  EndCritical            
000001d9  WaitForInterrupt       
000001df  asm_main               
000001e1  _c_int00_noinit_noargs 
00000200  __STACK_SIZE           
0000020d  main                   
00000215  _system_pre_init       
00000219  C$$EXIT                
00000219  abort                  
20000000  __start___llvm_prf_cnts
20000000  __stop___llvm_prf_cnts 
2000fe00  __stack                
20010000  __STACK_END            
4000480c  WDTCTL_SYM             
ffffffff  __TI_pprof_out_hndl    
ffffffff  __TI_prof_data_size    
ffffffff  __TI_prof_data_start   
ffffffff  __binit__              
ffffffff  __c_args__             
ffffffff  binit                  
UNDEFED   __mpu_init             

[71 symbols]
