******************************************************************************
                  TI ARM Linker PC v20.2.7                     
******************************************************************************
>> Linked Mon Sep 11 16:09:01 2023

OUTPUT FILE NAME:   <Lab_2.out>
ENTRY POINT SYMBOL: "_c_int00_noinit_noargs"  address: 000002b1


MEMORY CONFIGURATION

         name            origin    length      used     unused   attr    fill
----------------------  --------  ---------  --------  --------  ----  --------
  MAIN                  00000000   00040000  000002ec  0003fd14  R  X
  INFO                  00200000   00004000  00000000  00004000  R  X
  SRAM_CODE             01000000   00010000  00000000  00010000  RW X
  SRAM_DATA             20000000   00010000  00000200  0000fe00  RW  


SEGMENT ALLOCATION MAP

run origin  load origin   length   init length attrs members
----------  ----------- ---------- ----------- ----- -------
00000000    00000000    000002ec   000002ec    r-x
  00000000    00000000    00000144   00000144    r-- .intvecs
  00000144    00000144    000001a8   000001a8    r-x .text
2000fe00    2000fe00    00000200   00000000    rw-
  2000fe00    2000fe00    00000200   00000000    rw- .stack


SECTION ALLOCATION MAP

 output                                  attributes/
section   page    origin      length       input sections
--------  ----  ----------  ----------   ----------------
.intvecs   0    00000000    00000144     
                  00000000    00000144     msp432_startup_ccs.obj (.intvecs)

.text      0    00000144    000001a8     
                  00000144    000000ce     asm_main.obj (.text)
                  00000212    00000002     --HOLE-- [fill = 0]
                  00000214    0000009a     msp432_startup_ccs.obj (.text)
                  000002ae    00000002     --HOLE-- [fill = 0]
                  000002b0    0000002c     rtsv7M4_T_le_v4SPD16_eabi.lib : boot_cortex_m.c.obj (.text:_c_int00_noinit_noargs:_c_int00_noinit_noargs)
                  000002dc    00000008     main.obj (.text)
                  000002e4    00000004     rtsv7M4_T_le_v4SPD16_eabi.lib : pre_init.c.obj (.text:_system_pre_init)
                  000002e8    00000004                                   : exit.c.obj (.text:abort:abort)

.cinit     0    00000000    00000000     UNINITIALIZED

.stack     0    2000fe00    00000200     UNINITIALIZED
                  2000fe00    00000004     rtsv7M4_T_le_v4SPD16_eabi.lib : boot_cortex_m.c.obj (.stack)
                  2000fe04    000001fc     --HOLE--

__llvm_prf_cnts 
*          0    20000000    00000000     UNINITIALIZED

MODULE SUMMARY

       Module                   code   ro data   rw data
       ------                   ----   -------   -------
    .\
       msp432_startup_ccs.obj   154    324       0      
       asm_main.obj             206    0         0      
       main.obj                 8      0         0      
    +--+------------------------+------+---------+---------+
       Total:                   368    324       0      
                                                        
    C:\ti\ccs1240\ccs\tools\compiler\ti-cgt-arm_20.2.7.LTS\lib\rtsv7M4_T_le_v4SPD16_eabi.lib
       boot_cortex_m.c.obj      44     0         0      
       exit.c.obj               4      0         0      
       pre_init.c.obj           4      0         0      
    +--+------------------------+------+---------+---------+
       Total:                   52     0         0      
                                                        
       Stack:                   0      0         512    
    +--+------------------------+------+---------+---------+
       Grand Total:             420    324       512    


GLOBAL SYMBOLS: SORTED ALPHABETICALLY BY Name 

address   name                   
-------   ----                   
00000269  ADC14_IRQHandler       
00000271  AES256_IRQHandler      
000002e9  C$$EXIT                
00000245  COMP_E0_IRQHandler     
00000247  COMP_E1_IRQHandler     
0000023b  CS_IRQHandler          
00000275  DMA_ERR_IRQHandler     
0000027d  DMA_INT0_IRQHandler    
0000027b  DMA_INT1_IRQHandler    
00000279  DMA_INT2_IRQHandler    
00000277  DMA_INT3_IRQHandler    
00000233  DebugMon_Handler       
0000028b  DisableInterrupts      
00000259  EUSCIA0_IRQHandler     
0000025b  EUSCIA1_IRQHandler     
0000025d  EUSCIA2_IRQHandler     
0000025f  EUSCIA3_IRQHandler     
00000261  EUSCIB0_IRQHandler     
00000263  EUSCIB1_IRQHandler     
00000265  EUSCIB2_IRQHandler     
00000267  EUSCIB3_IRQHandler     
00000291  EnableInterrupts       
000002a1  EndCritical            
00000243  FLCTL_IRQHandler       
00000241  FPU_IRQHandler         
0000023d  PCM_IRQHandler         
0000027f  PORT1_IRQHandler       
00000281  PORT2_IRQHandler       
00000283  PORT3_IRQHandler       
00000285  PORT4_IRQHandler       
00000287  PORT5_IRQHandler       
00000289  PORT6_IRQHandler       
00000239  PSS_IRQHandler         
00000235  PendSV_Handler         
00000273  RTC_C_IRQHandler       
00000231  SVC_Handler            
00000297  StartCritical          
00000237  SysTick_Handler        
0000026b  T32_INT1_IRQHandler    
0000026d  T32_INT2_IRQHandler    
0000026f  T32_INTC_IRQHandler    
00000249  TA0_0_IRQHandler       
0000024b  TA0_N_IRQHandler       
0000024d  TA1_0_IRQHandler       
0000024f  TA1_N_IRQHandler       
00000251  TA2_0_IRQHandler       
00000253  TA2_N_IRQHandler       
00000255  TA3_0_IRQHandler       
00000257  TA3_N_IRQHandler       
4000480c  WDTCTL_SYM             
0000023f  WDT_A_IRQHandler       
000002a9  WaitForInterrupt       
20010000  __STACK_END            
00000200  __STACK_SIZE           
ffffffff  __TI_pprof_out_hndl    
ffffffff  __TI_prof_data_size    
ffffffff  __TI_prof_data_start   
00000000  __TI_static_base__     
ffffffff  __binit__              
ffffffff  __c_args__             
UNDEFED   __mpu_init             
2000fe00  __stack                
20000000  __start___llvm_prf_cnts
20000000  __stop___llvm_prf_cnts 
000002b1  _c_int00_noinit_noargs 
000002e5  _system_pre_init       
000002e9  abort                  
00000161  asm_main               
ffffffff  binit                  
00000000  interruptVectors       
000002dd  main                   


GLOBAL SYMBOLS: SORTED BY Symbol Address 

address   name                   
-------   ----                   
00000000  __TI_static_base__     
00000000  interruptVectors       
00000161  asm_main               
00000200  __STACK_SIZE           
00000231  SVC_Handler            
00000233  DebugMon_Handler       
00000235  PendSV_Handler         
00000237  SysTick_Handler        
00000239  PSS_IRQHandler         
0000023b  CS_IRQHandler          
0000023d  PCM_IRQHandler         
0000023f  WDT_A_IRQHandler       
00000241  FPU_IRQHandler         
00000243  FLCTL_IRQHandler       
00000245  COMP_E0_IRQHandler     
00000247  COMP_E1_IRQHandler     
00000249  TA0_0_IRQHandler       
0000024b  TA0_N_IRQHandler       
0000024d  TA1_0_IRQHandler       
0000024f  TA1_N_IRQHandler       
00000251  TA2_0_IRQHandler       
00000253  TA2_N_IRQHandler       
00000255  TA3_0_IRQHandler       
00000257  TA3_N_IRQHandler       
00000259  EUSCIA0_IRQHandler     
0000025b  EUSCIA1_IRQHandler     
0000025d  EUSCIA2_IRQHandler     
0000025f  EUSCIA3_IRQHandler     
00000261  EUSCIB0_IRQHandler     
00000263  EUSCIB1_IRQHandler     
00000265  EUSCIB2_IRQHandler     
00000267  EUSCIB3_IRQHandler     
00000269  ADC14_IRQHandler       
0000026b  T32_INT1_IRQHandler    
0000026d  T32_INT2_IRQHandler    
0000026f  T32_INTC_IRQHandler    
00000271  AES256_IRQHandler      
00000273  RTC_C_IRQHandler       
00000275  DMA_ERR_IRQHandler     
00000277  DMA_INT3_IRQHandler    
00000279  DMA_INT2_IRQHandler    
0000027b  DMA_INT1_IRQHandler    
0000027d  DMA_INT0_IRQHandler    
0000027f  PORT1_IRQHandler       
00000281  PORT2_IRQHandler       
00000283  PORT3_IRQHandler       
00000285  PORT4_IRQHandler       
00000287  PORT5_IRQHandler       
00000289  PORT6_IRQHandler       
0000028b  DisableInterrupts      
00000291  EnableInterrupts       
00000297  StartCritical          
000002a1  EndCritical            
000002a9  WaitForInterrupt       
000002b1  _c_int00_noinit_noargs 
000002dd  main                   
000002e5  _system_pre_init       
000002e9  C$$EXIT                
000002e9  abort                  
20000000  __start___llvm_prf_cnts
20000000  __stop___llvm_prf_cnts 
2000fe00  __stack                
20010000  __STACK_END            
4000480c  WDTCTL_SYM             
ffffffff  __TI_pprof_out_hndl    
ffffffff  __TI_prof_data_size    
ffffffff  __TI_prof_data_start   
ffffffff  __binit__              
ffffffff  __c_args__             
ffffffff  binit                  
UNDEFED   __mpu_init             

[71 symbols]
